// Jest Snapshot v1, https://goo.gl/fbAQLP

exports[`My connected React-Redux component AddTodo Should render with given state from Redux store 1`] = `
<div
  className="addTask"
>
  <input
    className="task-input"
    name="text"
    onChange={[Function]}
    placeholer="What do you want to do?"
    type="text"
    value=""
  />
  <button
    className="addTask-btn"
    onClick={[Function]}
    type="button"
  >
    add
  </button>
</div>
`;
